排程 2024/01/27 00:31:22 PDF排程 初始化成功
排程 2024/01/27 00:32:00 schedule name: schedule_test001
截圖 2024/01/27 00:32:00 element name: ESinsight_Health開始執行截圖
截圖 2024/01/27 00:32:44 element name: ESinsight_Health完成截圖
截圖 2024/01/27 00:32:44 element name: ESinsight_Indices開始執行截圖
截圖 2024/01/27 00:33:25 element name: ESinsight_Indices完成截圖
截圖 2024/01/27 00:33:25 element name: ESinsight_Nodes開始執行截圖
截圖 2024/01/27 00:34:06 element name: ESinsight_Nodes完成截圖
截圖 2024/01/27 00:34:06 element name: ESinsight_Pending_Tasks開始執行截圖
截圖 2024/01/27 00:34:48 element name: ESinsight_Pending_Tasks完成截圖
截圖 2024/01/27 00:34:48 element name: ESinsight_Indices開始執行截圖
截圖 2024/01/27 00:35:30 element name: ESinsight_Indices完成截圖
截圖 2024/01/27 00:35:30 element name: ESinsight_Nodes開始執行截圖
截圖 2024/01/27 00:36:13 element name: ESinsight_Nodes完成截圖
截圖 2024/01/27 00:36:13 element name: ESinsight_Pending_Tasks開始執行截圖
截圖 2024/01/27 00:36:54 element name: ESinsight_Pending_Tasks完成截圖
截圖 2024/01/27 00:36:54 element name: ESinsight_Nodes開始執行截圖
截圖 2024/01/27 00:37:37 element name: ESinsight_Nodes完成截圖
截圖 2024/01/27 00:37:37 element name: ESinsight_Pending_Tasks開始執行截圖
截圖 2024/01/27 00:38:19 element name: ESinsight_Pending_Tasks完成截圖
排程 2024/01/27 00:38:30 report name: esinsight_report_part1 開始產出
排程 2024/01/27 00:38:31 report name: esinsight_report_part1 完成產出
排程 2024/01/27 00:38:31 report name: esinsight_report_part2 開始產出
排程 2024/01/27 00:38:32 report name: esinsight_report_part2 完成產出
排程 2024/01/27 00:38:32 report name: esinsight_report_part3 開始產出
排程 2024/01/27 00:38:33 report name: esinsight_report_part3 完成產出
排程 2024/01/27 00:38:52 信件送出成功
排程 2024/01/27 00:46:21 PDF排程 初始化成功
排程 2024/01/27 00:47:00 schedule name: schedule_q
截圖 2024/01/27 00:47:00 element name: ESinsight_Indices開始執行截圖
截圖 2024/01/27 00:47:43 element name: ESinsight_Indices完成截圖
截圖 2024/01/27 00:47:43 element name: ESinsight_Nodes開始執行截圖
截圖 2024/01/27 00:48:26 element name: ESinsight_Nodes完成截圖
截圖 2024/01/27 00:48:26 element name: ESinsight_Pending_Tasks開始執行截圖
截圖 2024/01/27 00:49:07 element name: ESinsight_Pending_Tasks完成截圖
排程 2024/01/27 00:49:18 report name: esinsight_report_part2 開始產出
排程 2024/01/27 00:49:19 report name: esinsight_report_part2 完成產出
排程 2024/01/27 00:49:28 信件送出成功
排程 2024/01/27 00:51:14 report name: esinsight_report_part2 開始產出
排程 2024/01/27 00:51:16 report name: esinsight_report_part2 完成產出
排程 2024/01/27 01:01:27 report name: esinsight_report_part2 開始產出
排程 2024/01/27 01:01:28 report name: esinsight_report_part2 完成產出
排程 2024/01/27 01:04:25 report name: esinsight_report_part2 開始產出
排程 2024/01/27 01:04:26 report name: esinsight_report_part2 完成產出
排程 2024/01/27 01:06:05 report name: esinsight_report_part2 開始產出
排程 2024/01/27 01:06:05 report name: esinsight_report_part2 完成產出
排程 2024/01/27 01:09:12 report name: esinsight_report_part2 開始產出
排程 2024/01/27 01:09:13 report name: esinsight_report_part2 完成產出
排程 2024/01/27 01:11:48 report name: esinsight_report_part2 開始產出
排程 2024/01/27 01:11:49 report name: esinsight_report_part2 完成產出
排程 2024/01/27 01:19:36 report name: esinsight_report_part2 開始產出
排程 2024/01/27 01:19:37 report name: esinsight_report_part2 完成產出
排程 2024/01/27 01:27:43 report name: esinsight_report_part2 開始產出
排程 2024/01/27 01:27:44 report name: esinsight_report_part2 完成產出
