排程 2024/09/19 11:29:57 報表試寄, Schedule ID : 1
排程 2024/09/19 11:29:57 報表試寄完成, Schedule ID : 1
排程 2024/09/19 11:29:57 schedule name: 每日報表
排程 2024/09/19 11:30:07 report name: test_report 開始產出
排程 2024/09/19 11:30:08 report name: test_report 完成產出
排程 2024/09/19 11:30:12 信件送出成功
排程 2024/09/19 11:32:35 報表試寄, Schedule ID : 1
排程 2024/09/19 11:32:35 報表試寄完成, Schedule ID : 1
排程 2024/09/19 11:32:35 schedule name: 每日報表
截圖 2024/09/19 11:32:35 element name: ESinsight_Nodes開始執行截圖
截圖 2024/09/19 11:33:25 element name: ESinsight_Nodes完成截圖
排程 2024/09/19 11:33:35 report name: test_report 開始產出
排程 2024/09/19 11:33:36 report name: test_report 完成產出
排程 2024/09/19 11:33:42 信件送出成功
排程 2024/09/19 11:37:14 報表試寄, Schedule ID : 1
排程 2024/09/19 11:37:14 報表試寄完成, Schedule ID : 1
排程 2024/09/19 11:37:14 schedule name: 每日報表
截圖 2024/09/19 11:37:14 element name: ESinsight_Nodes開始執行截圖
截圖 2024/09/19 11:38:03 element name: ESinsight_Nodes完成截圖
排程 2024/09/19 11:38:13 report name: test_report 開始產出
排程 2024/09/19 11:38:14 report name: test_report 完成產出
排程 2024/09/19 11:38:22 信件送出成功
排程 2024/09/19 11:40:26 報表試寄, Schedule ID : 1
排程 2024/09/19 11:40:26 報表試寄完成, Schedule ID : 1
排程 2024/09/19 11:40:26 schedule name: 每日報表
截圖 2024/09/19 11:40:26 element name: ESinsight_Nodes開始執行截圖
截圖 2024/09/19 11:41:13 element name: ESinsight_Nodes完成截圖
排程 2024/09/19 11:41:23 report name: test_report 開始產出
排程 2024/09/19 11:41:24 report name: test_report 完成產出
排程 2024/09/19 11:41:31 信件送出成功
排程 2024/09/19 11:46:40 報表試寄, Schedule ID : 1
排程 2024/09/19 11:46:40 報表試寄完成, Schedule ID : 1
排程 2024/09/19 11:46:40 schedule name: 每日報表
截圖 2024/09/19 11:46:41 element name: ESinsight_Nodes開始執行截圖
截圖 2024/09/19 11:47:26 element name: ESinsight_Nodes完成截圖
排程 2024/09/19 11:47:37 report name: test_report 開始產出
排程 2024/09/19 11:47:37 report name: test_report 完成產出
排程 2024/09/19 11:47:43 信件送出成功
排程 2024/09/19 11:52:37 報表試寄, Schedule ID : 1
排程 2024/09/19 11:52:37 報表試寄完成, Schedule ID : 1
排程 2024/09/19 11:52:37 schedule name: 每日報表
截圖 2024/09/19 11:52:37 element name: ESinsight_Nodes開始執行截圖
截圖 2024/09/19 11:53:21 element name: ESinsight_Nodes完成截圖
排程 2024/09/19 11:53:32 report name: test_report 開始產出
排程 2024/09/19 11:53:32 report name: test_report 完成產出
排程 2024/09/19 11:53:38 信件送出成功
排程 2024/09/19 12:05:40 報表試寄, Schedule ID : 1
排程 2024/09/19 12:05:40 報表試寄完成, Schedule ID : 1
排程 2024/09/19 12:05:40 schedule name: 每日報表
截圖 2024/09/19 12:05:40 element name: ESinsight_Nodes開始執行截圖
截圖 2024/09/19 12:06:25 element name: ESinsight_Nodes完成截圖
排程 2024/09/19 12:06:36 report name: test_report 開始產出
排程 2024/09/19 12:06:37 report name: test_report 完成產出
排程 2024/09/19 12:06:43 信件送出成功
