排程 2024/01/29 13:11:40 PDF排程 初始化成功
排程 2024/01/29 13:12:00 schedule name: schedule002
截圖 2024/01/29 13:12:00 element name: ESinsight_Indices開始執行截圖
截圖 2024/01/29 13:12:42 element name: ESinsight_Indices完成截圖
截圖 2024/01/29 13:12:42 element name: ESinsight_Nodes開始執行截圖
截圖 2024/01/29 13:13:25 element name: ESinsight_Nodes完成截圖
截圖 2024/01/29 13:13:25 element name: ESinsight_Pending_Tasks開始執行截圖
截圖 2024/01/29 13:14:08 element name: ESinsight_Pending_Tasks完成截圖
截圖 2024/01/29 13:14:08 element name: ESinsight_Nodes開始執行截圖
截圖 2024/01/29 13:14:49 element name: ESinsight_Nodes完成截圖
截圖 2024/01/29 13:14:49 element name: ESinsight_Pending_Tasks開始執行截圖
截圖 2024/01/29 13:15:31 element name: ESinsight_Pending_Tasks完成截圖
排程 2024/01/29 13:15:42 report name: esinsight_report_part2 開始產出
排程 2024/01/29 13:19:25 report name: esinsight_report_part2 開始產出
排程 2024/01/29 13:23:08 report name: esinsight_report_part2 開始產出
排程 2024/01/29 13:25:37 report name: esinsight_report_part2 開始產出
排程 2024/01/29 13:27:08 report name: esinsight_report_part2 開始產出
排程 2024/01/29 13:28:06 report name: esinsight_report_part2 開始產出
排程 2024/01/29 13:28:56 report name: esinsight_report_part2 開始產出
排程 2024/01/29 13:32:11 report name: esinsight_report_part2 開始產出
排程 2024/01/29 13:35:39 report name: esinsight_report_part2 開始產出
排程 2024/01/29 13:37:51 report name: esinsight_report_part2 開始產出
排程 2024/01/29 13:38:38 report name: esinsight_report_part2 開始產出
排程 2024/01/29 13:39:18 report name: esinsight_report_part2 開始產出
排程 2024/01/29 13:40:18 report name: esinsight_report_part2 開始產出
排程 2024/01/29 13:41:46 report name: esinsight_report_part2 開始產出
排程 2024/01/29 13:44:58 report name: esinsight_report_part2 開始產出
排程 2024/01/29 13:45:41 report name: esinsight_report_part2 開始產出
排程 2024/01/29 13:46:50 report name: esinsight_report_part2 開始產出
排程 2024/01/29 13:47:45 report name: esinsight_report_part2 開始產出
排程 2024/01/29 13:49:56 report name: esinsight_report_part2 開始產出
排程 2024/01/29 13:51:42 report name: esinsight_report_part2 開始產出
排程 2024/01/29 13:54:00 report name: esinsight_report_part2 開始產出
排程 2024/01/29 13:56:51 report name: esinsight_report_part2 開始產出
排程 2024/01/29 13:58:07 report name: esinsight_report_part2 開始產出
排程 2024/01/29 16:09:50 report name: esinsight_report_part2 開始產出
排程 2024/01/29 16:11:25 report name: esinsight_report_part2 開始產出
排程 2024/01/29 16:17:15 report name: esinsight_report_part2 開始產出
排程 2024/01/29 16:18:06 report name: esinsight_report_part2 開始產出
排程 2024/01/29 16:18:07 report name: esinsight_report_part2 完成產出
排程 2024/01/29 16:18:07 report name: esinsight_report_part3 開始產出
排程 2024/01/29 16:18:08 report name: esinsight_report_part3 完成產出
排程 2024/01/29 16:24:35 report name: esinsight_report_part2 開始產出
排程 2024/01/29 16:24:36 report name: esinsight_report_part2 完成產出
排程 2024/01/29 16:24:36 report name: esinsight_report_part3 開始產出
排程 2024/01/29 16:24:37 report name: esinsight_report_part3 完成產出
排程 2024/01/29 16:26:29 report name: esinsight_report_part2 開始產出
排程 2024/01/29 16:26:30 report name: esinsight_report_part2 完成產出
排程 2024/01/29 16:26:30 report name: esinsight_report_part3 開始產出
排程 2024/01/29 16:26:31 report name: esinsight_report_part3 完成產出
排程 2024/01/29 16:28:02 report name: esinsight_report_part2 開始產出
排程 2024/01/29 16:28:02 report name: esinsight_report_part2 完成產出
排程 2024/01/29 16:28:02 report name: esinsight_report_part3 開始產出
排程 2024/01/29 16:28:03 report name: esinsight_report_part3 完成產出
排程 2024/01/29 16:30:18 report name: esinsight_report_part2 開始產出
排程 2024/01/29 16:30:19 report name: esinsight_report_part2 完成產出
排程 2024/01/29 16:30:19 report name: esinsight_report_part3 開始產出
排程 2024/01/29 16:30:19 report name: esinsight_report_part3 完成產出
排程 2024/01/29 16:33:27 report name: esinsight_report_part2 開始產出
排程 2024/01/29 16:33:28 report name: esinsight_report_part2 完成產出
排程 2024/01/29 16:33:28 report name: esinsight_report_part3 開始產出
排程 2024/01/29 16:33:29 report name: esinsight_report_part3 完成產出
排程 2024/01/29 16:35:36 report name: esinsight_report_part2 開始產出
排程 2024/01/29 16:35:37 report name: esinsight_report_part2 完成產出
排程 2024/01/29 16:35:37 report name: esinsight_report_part3 開始產出
排程 2024/01/29 16:35:38 report name: esinsight_report_part3 完成產出
排程 2024/01/29 16:37:25 report name: esinsight_report_part2 開始產出
排程 2024/01/29 16:37:26 report name: esinsight_report_part2 完成產出
排程 2024/01/29 16:37:26 report name: esinsight_report_part3 開始產出
排程 2024/01/29 16:37:26 report name: esinsight_report_part3 完成產出
排程 2024/01/29 16:40:35 report name: esinsight_report_part2 開始產出
排程 2024/01/29 16:40:36 report name: esinsight_report_part2 完成產出
排程 2024/01/29 16:40:36 report name: esinsight_report_part3 開始產出
排程 2024/01/29 16:40:37 report name: esinsight_report_part3 完成產出
排程 2024/01/29 21:52:13 report name: esinsight_report_part2 開始產出
排程 2024/01/29 21:52:14 report name: esinsight_report_part2 完成產出
排程 2024/01/29 21:52:14 report name: esinsight_report_part3 開始產出
排程 2024/01/29 21:52:14 report name: esinsight_report_part3 完成產出
