排程 2024/02/20 18:13:12 報表試寄, Schedule ID : 1
排程 2024/02/20 18:13:12 報表試寄完成, Schedule ID : 1
排程 2024/02/20 18:13:12 schedule name: schedule001
截圖 2024/02/20 18:13:12 element name: ESinsight_Pending_Tasks開始執行截圖
截圖 2024/02/20 18:13:55 element name: ESinsight_Pending_Tasks完成截圖
截圖 2024/02/20 18:13:55 element name: ESinsight_Shards開始執行截圖
截圖 2024/02/20 18:14:38 element name: ESinsight_Shards完成截圖
截圖 2024/02/20 18:14:38 element name: ESinsight_Thread_Pool開始執行截圖
截圖 2024/02/20 18:15:19 element name: ESinsight_Thread_Pool完成截圖
排程 2024/02/20 18:23:10 報表試寄, Schedule ID : 1
排程 2024/02/20 18:23:10 報表試寄完成, Schedule ID : 1
排程 2024/02/20 18:23:10 schedule name: schedule001
截圖 2024/02/20 18:23:10 element name: ESinsight_Pending_Tasks開始執行截圖
截圖 2024/02/20 18:23:52 element name: ESinsight_Pending_Tasks完成截圖
截圖 2024/02/20 18:23:52 element name: ESinsight_Shards開始執行截圖
截圖 2024/02/20 18:24:34 element name: ESinsight_Shards完成截圖
截圖 2024/02/20 18:24:34 element name: ESinsight_Thread_Pool開始執行截圖
截圖 2024/02/20 18:25:16 element name: ESinsight_Thread_Pool完成截圖
排程 2024/02/20 18:25:26 report name: 我的報表 開始產出
排程 2024/02/20 18:29:06 報表試寄, Schedule ID : 1
排程 2024/02/20 18:29:06 報表試寄完成, Schedule ID : 1
排程 2024/02/20 18:29:06 schedule name: schedule001
截圖 2024/02/20 18:29:06 element name: ESinsight_Pending_Tasks開始執行截圖
截圖 2024/02/20 18:29:49 element name: ESinsight_Pending_Tasks完成截圖
截圖 2024/02/20 18:29:49 element name: ESinsight_Shards開始執行截圖
截圖 2024/02/20 18:30:30 element name: ESinsight_Shards完成截圖
截圖 2024/02/20 18:30:30 element name: ESinsight_Thread_Pool開始執行截圖
截圖 2024/02/20 18:31:12 element name: ESinsight_Thread_Pool完成截圖
排程 2024/02/20 18:31:22 report name: 我的報表 開始產出
排程 2024/02/20 18:35:17 報表試寄, Schedule ID : 1
排程 2024/02/20 18:35:17 報表試寄完成, Schedule ID : 1
排程 2024/02/20 18:35:17 schedule name: schedule001
截圖 2024/02/20 18:35:17 element name: ESinsight_Pending_Tasks開始執行截圖
截圖 2024/02/20 18:36:01 element name: ESinsight_Pending_Tasks完成截圖
截圖 2024/02/20 18:36:01 element name: ESinsight_Shards開始執行截圖
截圖 2024/02/20 18:36:44 element name: ESinsight_Shards完成截圖
截圖 2024/02/20 18:36:44 element name: ESinsight_Thread_Pool開始執行截圖
截圖 2024/02/20 18:37:27 element name: ESinsight_Thread_Pool完成截圖
排程 2024/02/20 18:37:37 report name: 我的報表 開始產出
排程 2024/02/20 18:39:30 報表試寄, Schedule ID : 1
排程 2024/02/20 18:39:30 報表試寄完成, Schedule ID : 1
排程 2024/02/20 18:39:30 schedule name: schedule001
截圖 2024/02/20 18:39:30 element name: ESinsight_Pending_Tasks開始執行截圖
截圖 2024/02/20 18:40:12 element name: ESinsight_Pending_Tasks完成截圖
截圖 2024/02/20 18:40:12 element name: ESinsight_Shards開始執行截圖
截圖 2024/02/20 18:40:54 element name: ESinsight_Shards完成截圖
截圖 2024/02/20 18:40:54 element name: ESinsight_Thread_Pool開始執行截圖
截圖 2024/02/20 18:41:36 element name: ESinsight_Thread_Pool完成截圖
排程 2024/02/20 18:41:46 report name: 我的報表 開始產出
排程 2024/02/20 18:41:47 report name: 我的報表 完成產出
