排程 2023/07/31 13:28:32 PDF排程 初始化成功
排程 2023/07/31 13:29:00 schedule name: schedule_test001
截圖 2023/07/31 13:29:00 element name: Elasticsearch_Api_Health開始執行截圖lololo
截圖 2023/07/31 13:29:42 element name: Elasticsearch_Api_Health完成截圖
截圖 2023/07/31 13:29:42 element name: Elasticsearch_Api_Indices開始執行截圖lololo
截圖 2023/07/31 13:30:23 element name: Elasticsearch_Api_Indices完成截圖
截圖 2023/07/31 13:30:23 element name: Elasticsearch_Api_Thread_Pool開始執行截圖lololo
截圖 2023/07/31 13:31:05 element name: Elasticsearch_Api_Thread_Pool完成截圖
截圖 2023/07/31 13:31:05 element name: Elasticsearch_Api_Pending_Tasks開始執行截圖lololo
截圖 2023/07/31 13:31:47 element name: Elasticsearch_Api_Pending_Tasks完成截圖
截圖 2023/07/31 13:31:47 element name: Elasticsearch_Api_Stats_Indices開始執行截圖lololo
截圖 2023/07/31 13:32:28 element name: Elasticsearch_Api_Stats_Indices完成截圖
截圖 2023/07/31 13:32:28 element name: Elasticsearch_Api_Nodes開始執行截圖lololo
截圖 2023/07/31 13:33:10 element name: Elasticsearch_Api_Nodes完成截圖
截圖 2023/07/31 13:33:10 element name: Elasticsearch_Api_Main開始執行截圖lololo
截圖 2023/07/31 13:33:51 element name: Elasticsearch_Api_Main完成截圖
排程 2023/07/31 13:34:01 report name: esinsight_report_part1 開始產出
排程 2023/07/31 13:34:04 report name: esinsight_report_part1 完成產出lolololo
排程 2023/07/31 13:34:04 report name: esinsight_report_part2 開始產出
排程 2023/07/31 13:34:05 report name: esinsight_report_part2 完成產出lolololo
排程 2023/07/31 13:34:05 report name: esinsight_report_part3 開始產出
排程 2023/07/31 13:36:49 PDF排程 初始化成功
排程 2023/07/31 13:37:00 schedule name: schedule_test001
截圖 2023/07/31 13:37:00 element name: Elasticsearch_Api_Health開始執行截圖lololo
截圖 2023/07/31 13:37:45 element name: Elasticsearch_Api_Health完成截圖
截圖 2023/07/31 13:37:45 element name: Elasticsearch_Api_Indices開始執行截圖lololo
截圖 2023/07/31 13:38:30 element name: Elasticsearch_Api_Indices完成截圖
截圖 2023/07/31 13:38:30 element name: Elasticsearch_Api_Thread_Pool開始執行截圖lololo
截圖 2023/07/31 13:39:13 element name: Elasticsearch_Api_Thread_Pool完成截圖
截圖 2023/07/31 13:39:13 element name: Elasticsearch_Api_Pending_Tasks開始執行截圖lololo
截圖 2023/07/31 13:39:58 element name: Elasticsearch_Api_Pending_Tasks完成截圖
截圖 2023/07/31 13:39:58 element name: Elasticsearch_Api_Stats_Indices開始執行截圖lololo
截圖 2023/07/31 13:40:42 element name: Elasticsearch_Api_Stats_Indices完成截圖
截圖 2023/07/31 13:40:42 element name: Elasticsearch_Api_Nodes開始執行截圖lololo
截圖 2023/07/31 13:41:28 element name: Elasticsearch_Api_Nodes完成截圖
截圖 2023/07/31 13:41:28 element name: Elasticsearch_Api_Main開始執行截圖lololo
截圖 2023/07/31 13:42:26 element name: Elasticsearch_Api_Main完成截圖
排程 2023/07/31 13:42:36 report name: esinsight_report_part1 開始產出
排程 2023/07/31 13:49:36 PDF排程 初始化成功
排程 2023/07/31 13:50:00 schedule name: schedule_test001
截圖 2023/07/31 13:50:00 element name: Elasticsearch_Api_Health開始執行截圖lololo
截圖 2023/07/31 13:50:43 element name: Elasticsearch_Api_Health完成截圖
截圖 2023/07/31 13:50:43 element name: Elasticsearch_Api_Indices開始執行截圖lololo
截圖 2023/07/31 13:51:29 element name: Elasticsearch_Api_Indices完成截圖
截圖 2023/07/31 13:51:29 element name: Elasticsearch_Api_Thread_Pool開始執行截圖lololo
截圖 2023/07/31 13:52:14 element name: Elasticsearch_Api_Thread_Pool完成截圖
截圖 2023/07/31 13:52:14 element name: Elasticsearch_Api_Pending_Tasks開始執行截圖lololo
截圖 2023/07/31 13:52:56 element name: Elasticsearch_Api_Pending_Tasks完成截圖
截圖 2023/07/31 13:52:56 element name: Elasticsearch_Api_Stats_Indices開始執行截圖lololo
截圖 2023/07/31 13:53:39 element name: Elasticsearch_Api_Stats_Indices完成截圖
截圖 2023/07/31 13:53:39 element name: Elasticsearch_Api_Nodes開始執行截圖lololo
截圖 2023/07/31 13:54:21 element name: Elasticsearch_Api_Nodes完成截圖
截圖 2023/07/31 13:54:22 element name: Elasticsearch_Api_Main開始執行截圖lololo
截圖 2023/07/31 13:55:03 element name: Elasticsearch_Api_Main完成截圖
排程 2023/07/31 13:55:14 report name: esinsight_report_part1 開始產出
排程 2023/07/31 13:55:16 report name: esinsight_report_part1 完成產出lolololo
排程 2023/07/31 13:55:16 report name: esinsight_report_part2 開始產出
排程 2023/07/31 14:13:11 PDF排程 初始化成功
排程 2023/07/31 14:14:00 schedule name: schedule_test001
截圖 2023/07/31 14:14:00 element name: Elasticsearch_Api_Health開始執行截圖lololo
截圖 2023/07/31 14:14:42 element name: Elasticsearch_Api_Health完成截圖
截圖 2023/07/31 14:14:42 element name: Elasticsearch_Api_Indices開始執行截圖lololo
截圖 2023/07/31 14:15:23 element name: Elasticsearch_Api_Indices完成截圖
截圖 2023/07/31 14:15:23 element name: Elasticsearch_Api_Thread_Pool開始執行截圖lololo
截圖 2023/07/31 14:16:04 element name: Elasticsearch_Api_Thread_Pool完成截圖
截圖 2023/07/31 14:16:04 element name: Elasticsearch_Api_Pending_Tasks開始執行截圖lololo
截圖 2023/07/31 14:16:46 element name: Elasticsearch_Api_Pending_Tasks完成截圖
截圖 2023/07/31 14:16:46 element name: Elasticsearch_Api_Stats_Indices開始執行截圖lololo
截圖 2023/07/31 14:17:28 element name: Elasticsearch_Api_Stats_Indices完成截圖
截圖 2023/07/31 14:17:28 element name: Elasticsearch_Api_Nodes開始執行截圖lololo
截圖 2023/07/31 14:18:10 element name: Elasticsearch_Api_Nodes完成截圖
截圖 2023/07/31 14:18:10 element name: Elasticsearch_Api_Main開始執行截圖lololo
截圖 2023/07/31 14:18:53 element name: Elasticsearch_Api_Main完成截圖
排程 2023/07/31 14:19:03 report name: esinsight_report_part1 開始產出
排程 2023/07/31 14:19:06 report name: esinsight_report_part1 完成產出lolololo
排程 2023/07/31 14:19:06 report name: esinsight_report_part2 開始產出
