排程 2024/05/22 14:20:27 重新寄送歷史報表, History ID : 1826
排程 2024/05/22 14:20:27 schedule name: 每週報表
截圖 2024/05/22 14:20:27 element name: ESinsight_Health開始執行截圖
截圖 2024/05/22 14:21:12 element name: ESinsight_Health完成截圖
截圖 2024/05/22 14:21:12 element name: ESinsight_Indices開始執行截圖
截圖 2024/05/22 14:21:53 element name: ESinsight_Indices完成截圖
截圖 2024/05/22 14:21:53 element name: ESinsight_Nodes開始執行截圖
ERROR 2024/05/22 14:22:53 Dashboard Screenshot error context deadline exceeded
ERROR 2024/05/22 14:22:53 ScreenshotbyReport error context deadline exceeded
截圖 2024/05/22 14:22:56 element name: ESinsight_Nodes完成截圖
ERROR 2024/05/22 14:22:56 ScreenshotbyReport errorcontext deadline exceeded
排程 2024/05/22 14:23:07 report name: esinsight日報表 開始產出
排程 2024/05/22 15:02:51 重新寄送歷史報表, History ID : 1829
排程 2024/05/22 15:02:51 schedule name: 每日報表
截圖 2024/05/22 15:02:51 element name: ESinsight_Shards開始執行截圖
截圖 2024/05/22 15:03:35 element name: ESinsight_Shards完成截圖
排程 2024/05/22 15:03:45 report name: test_report 開始產出
排程 2024/05/22 15:03:46 report name: test_report 完成產出
排程 2024/05/22 15:03:53 信件送出成功
排程 2024/05/22 15:03:53 歷史報表寄送完成, History ID : 1829
排程 2024/05/22 18:07:44 重新寄送歷史報表, History ID : 1831
排程 2024/05/22 18:07:44 schedule name: 每日報表
截圖 2024/05/22 18:07:44 element name: ESinsight_Shards開始執行截圖
ERROR 2024/05/22 18:08:44 Dashboard Screenshot error context deadline exceeded
ERROR 2024/05/22 18:08:44 ScreenshotbyReport error context deadline exceeded
截圖 2024/05/22 18:08:47 element name: ESinsight_Shards完成截圖
ERROR 2024/05/22 18:08:47 ScreenshotbyReport errorcontext deadline exceeded
排程 2024/05/22 18:08:57 report name: test_report 開始產出
排程 2024/05/22 18:20:20 重新寄送歷史報表, History ID : 1831
排程 2024/05/22 18:20:20 schedule name: 每日報表
截圖 2024/05/22 18:20:20 element name: ESinsight_Shards開始執行截圖
ERROR 2024/05/22 18:21:20 Dashboard Screenshot error context deadline exceeded
ERROR 2024/05/22 18:21:20 ScreenshotbyReport error context deadline exceeded
截圖 2024/05/22 18:21:23 element name: ESinsight_Shards完成截圖
ERROR 2024/05/22 18:21:23 ScreenshotbyReport errorcontext deadline exceeded
排程 2024/05/22 18:21:34 report name: test_report 開始產出
