排程 2024/09/23 15:34:23 報表試寄, Schedule ID : 1
排程 2024/09/23 15:34:23 報表試寄完成, Schedule ID : 1
排程 2024/09/23 15:34:24 schedule name: 每日報表
截圖 2024/09/23 15:34:24 element name: ESinsight_Nodes開始執行截圖
截圖 2024/09/23 15:35:10 element name: ESinsight_Nodes完成截圖
排程 2024/09/23 15:35:20 report name: test_report 開始產出
排程 2024/09/23 15:35:21 report name: test_report 完成產出
排程 2024/09/23 15:35:27 信件送出成功
排程 2024/09/23 15:40:11 報表試寄, Schedule ID : 1
排程 2024/09/23 15:40:11 報表試寄完成, Schedule ID : 1
排程 2024/09/23 15:40:11 schedule name: 每日報表
截圖 2024/09/23 15:40:11 element name: ESinsight_Nodes開始執行截圖
截圖 2024/09/23 15:40:56 element name: ESinsight_Nodes完成截圖
排程 2024/09/23 15:41:06 report name: test_report 開始產出
排程 2024/09/23 15:41:07 report name: test_report 完成產出
排程 2024/09/23 15:41:14 信件送出成功
排程 2024/09/23 15:55:29 報表試寄, Schedule ID : 1
排程 2024/09/23 15:55:29 報表試寄完成, Schedule ID : 1
排程 2024/09/23 15:55:29 schedule name: 每日報表
截圖 2024/09/23 15:55:29 element name: ESinsight_Nodes開始執行截圖
截圖 2024/09/23 15:56:14 element name: ESinsight_Nodes完成截圖
排程 2024/09/23 15:56:24 report name: test_report 開始產出
排程 2024/09/23 15:56:25 report name: test_report 完成產出
排程 2024/09/23 15:56:31 信件送出成功
排程 2024/09/23 16:01:36 報表試寄, Schedule ID : 1
排程 2024/09/23 16:01:36 報表試寄完成, Schedule ID : 1
排程 2024/09/23 16:01:36 schedule name: 每日報表
截圖 2024/09/23 16:01:36 element name: ESinsight_Nodes開始執行截圖
截圖 2024/09/23 16:02:24 element name: ESinsight_Nodes完成截圖
排程 2024/09/23 16:02:36 report name: test_report 開始產出
排程 2024/09/23 16:02:38 report name: test_report 完成產出
排程 2024/09/23 16:02:45 信件送出成功
排程 2024/09/23 16:13:31 報表試寄, Schedule ID : 1
排程 2024/09/23 16:13:31 報表試寄完成, Schedule ID : 1
排程 2024/09/23 16:13:31 schedule name: 每日報表
截圖 2024/09/23 16:13:31 element name: ESinsight_Nodes開始執行截圖
截圖 2024/09/23 16:14:18 element name: ESinsight_Nodes完成截圖
排程 2024/09/23 16:14:28 report name: test_report 開始產出
排程 2024/09/23 16:14:29 report name: test_report 完成產出
排程 2024/09/23 16:14:35 信件送出成功
排程 2024/09/23 16:16:21 報表試寄, Schedule ID : 1
排程 2024/09/23 16:16:21 報表試寄完成, Schedule ID : 1
排程 2024/09/23 16:16:21 schedule name: 每日報表
截圖 2024/09/23 16:16:21 element name: ESinsight_Nodes開始執行截圖
截圖 2024/09/23 16:17:08 element name: ESinsight_Nodes完成截圖
排程 2024/09/23 16:17:19 report name: test_report 開始產出
排程 2024/09/23 16:17:19 report name: test_report 完成產出
排程 2024/09/23 16:17:26 信件送出成功
排程 2024/09/23 16:19:31 報表試寄, Schedule ID : 1
排程 2024/09/23 16:19:31 報表試寄完成, Schedule ID : 1
排程 2024/09/23 16:19:31 schedule name: 每日報表
截圖 2024/09/23 16:19:32 element name: ESinsight_Nodes開始執行截圖
截圖 2024/09/23 16:20:17 element name: ESinsight_Nodes完成截圖
排程 2024/09/23 16:20:28 report name: test_report 開始產出
排程 2024/09/23 16:20:28 report name: test_report 完成產出
排程 2024/09/23 16:20:34 信件送出成功
