排程 2024/09/24 15:42:34 報表試寄, Schedule ID : 1
排程 2024/09/24 15:42:34 報表試寄完成, Schedule ID : 1
排程 2024/09/24 15:42:34 schedule name: 每日報表
截圖 2024/09/24 15:42:34 element name: ESinsight_Nodes開始執行截圖
截圖 2024/09/24 15:43:21 element name: ESinsight_Nodes完成截圖
排程 2024/09/24 15:43:31 report name: test_report 開始產出
排程 2024/09/24 15:47:40 報表試寄, Schedule ID : 1
排程 2024/09/24 15:47:40 報表試寄完成, Schedule ID : 1
排程 2024/09/24 15:47:40 schedule name: 每日報表
截圖 2024/09/24 15:47:40 element name: ESinsight_Nodes開始執行截圖
截圖 2024/09/24 15:48:26 element name: ESinsight_Nodes完成截圖
排程 2024/09/24 15:48:36 report name: test_report 開始產出
排程 2024/09/24 15:48:37 report name: test_report 完成產出
排程 2024/09/24 15:48:44 信件送出成功
排程 2024/09/24 16:00:17 報表試寄, Schedule ID : 1
排程 2024/09/24 16:00:17 報表試寄完成, Schedule ID : 1
排程 2024/09/24 16:00:18 schedule name: 每日報表
截圖 2024/09/24 16:00:18 element name: ESinsight_Nodes開始執行截圖
截圖 2024/09/24 16:01:02 element name: ESinsight_Nodes完成截圖
排程 2024/09/24 16:01:12 report name: test_report 開始產出
排程 2024/09/24 16:01:13 report name: test_report 完成產出
排程 2024/09/24 16:01:20 信件送出成功
排程 2024/09/24 16:07:41 報表試寄, Schedule ID : 1
排程 2024/09/24 16:07:41 報表試寄完成, Schedule ID : 1
排程 2024/09/24 16:07:42 schedule name: 每日報表
截圖 2024/09/24 16:07:42 element name: ESinsight_Nodes開始執行截圖
截圖 2024/09/24 16:08:27 element name: ESinsight_Nodes完成截圖
排程 2024/09/24 16:08:37 report name: test_report 開始產出
排程 2024/09/24 16:08:38 report name: test_report 完成產出
排程 2024/09/24 16:08:44 信件送出成功
排程 2024/09/24 16:12:25 報表試寄, Schedule ID : 1
排程 2024/09/24 16:12:25 報表試寄完成, Schedule ID : 1
排程 2024/09/24 16:12:25 schedule name: 每日報表
截圖 2024/09/24 16:12:25 element name: ESinsight_Nodes開始執行截圖
截圖 2024/09/24 16:13:11 element name: ESinsight_Nodes完成截圖
排程 2024/09/24 16:13:21 report name: test_report 開始產出
排程 2024/09/24 16:13:22 report name: test_report 完成產出
排程 2024/09/24 16:13:29 信件送出成功
排程 2024/09/24 16:20:40 報表試寄, Schedule ID : 1
排程 2024/09/24 16:20:40 報表試寄完成, Schedule ID : 1
排程 2024/09/24 16:20:40 schedule name: 每日報表
截圖 2024/09/24 16:20:40 element name: ESinsight_Nodes開始執行截圖
截圖 2024/09/24 16:21:24 element name: ESinsight_Nodes完成截圖
排程 2024/09/24 16:21:34 report name: test_report 開始產出
排程 2024/09/24 16:21:35 report name: test_report 完成產出
排程 2024/09/24 16:21:42 信件送出成功
排程 2024/09/24 16:29:13 報表試寄, Schedule ID : 1
排程 2024/09/24 16:29:13 報表試寄完成, Schedule ID : 1
排程 2024/09/24 16:29:13 schedule name: 每日報表
截圖 2024/09/24 16:29:13 element name: ESinsight_Nodes開始執行截圖
截圖 2024/09/24 16:29:56 element name: ESinsight_Nodes完成截圖
排程 2024/09/24 16:30:07 report name: test_report 開始產出
排程 2024/09/24 16:30:07 report name: test_report 完成產出
排程 2024/09/24 16:30:12 信件送出成功
排程 2024/09/24 16:33:50 報表試寄, Schedule ID : 1
排程 2024/09/24 16:33:50 報表試寄完成, Schedule ID : 1
排程 2024/09/24 16:33:50 schedule name: 每日報表
截圖 2024/09/24 16:33:50 element name: ESinsight_Nodes開始執行截圖
截圖 2024/09/24 16:34:34 element name: ESinsight_Nodes完成截圖
排程 2024/09/24 16:34:44 report name: test_report 開始產出
排程 2024/09/24 16:34:45 report name: test_report 完成產出
排程 2024/09/24 16:34:51 信件送出成功
排程 2024/09/24 16:47:49 報表試寄, Schedule ID : 1
排程 2024/09/24 16:47:49 報表試寄完成, Schedule ID : 1
排程 2024/09/24 16:47:50 schedule name: 每日報表
截圖 2024/09/24 16:47:50 element name: ESinsight_Nodes開始執行截圖
截圖 2024/09/24 16:48:36 element name: ESinsight_Nodes完成截圖
排程 2024/09/24 16:48:46 report name: test_report 開始產出
排程 2024/09/24 16:48:46 report name: test_report 完成產出
排程 2024/09/24 16:48:53 信件送出成功
排程 2024/09/24 16:51:30 報表試寄, Schedule ID : 1
排程 2024/09/24 16:51:30 報表試寄完成, Schedule ID : 1
排程 2024/09/24 16:51:30 schedule name: 每日報表
截圖 2024/09/24 16:51:30 element name: ESinsight_Nodes開始執行截圖
截圖 2024/09/24 16:52:15 element name: ESinsight_Nodes完成截圖
排程 2024/09/24 16:52:25 report name: test_report 開始產出
排程 2024/09/24 16:52:26 report name: test_report 完成產出
排程 2024/09/24 16:52:32 信件送出成功
排程 2024/09/24 16:58:05 報表試寄, Schedule ID : 1
排程 2024/09/24 16:58:05 報表試寄完成, Schedule ID : 1
排程 2024/09/24 16:58:05 schedule name: 每日報表
截圖 2024/09/24 16:58:05 element name: ESinsight_Nodes開始執行截圖
截圖 2024/09/24 16:58:48 element name: ESinsight_Nodes完成截圖
排程 2024/09/24 16:58:59 report name: test_report 開始產出
排程 2024/09/24 16:58:59 report name: test_report 完成產出
排程 2024/09/24 16:59:05 信件送出成功
