排程  2023/07/07 13:39:33 PDF排程 初始化成功
排程 2023/07/07 13:40:00 schedule name: schedule004
截圖 2023/07/07 13:40:00 element name: Elasticsearch_Api_Stats_Indices開始執行截圖
截圖 2023/07/07 13:40:33 element name: Elasticsearch_Api_Stats_Indices完成截圖
截圖 2023/07/07 13:40:33 element name: Elasticsearch_Api_Pending_Tasks開始執行截圖
截圖 2023/07/07 13:41:05 element name: Elasticsearch_Api_Pending_Tasks完成截圖
截圖 2023/07/07 13:41:05 element name: Elasticsearch_Api_Health開始執行截圖
截圖 2023/07/07 13:41:38 element name: Elasticsearch_Api_Health完成截圖
截圖 2023/07/07 13:41:38 element name: Elasticsearch_Api_Thread_Pool開始執行截圖
截圖 2023/07/07 13:42:10 element name: Elasticsearch_Api_Thread_Pool完成截圖
截圖 2023/07/07 13:42:11 element name: Elasticsearch_Api_Indices開始執行截圖
截圖 2023/07/07 13:42:43 element name: Elasticsearch_Api_Indices完成截圖
截圖 2023/07/07 13:42:43 element name: Elasticsearch_Api_Nodes開始執行截圖
截圖 2023/07/07 13:43:15 element name: Elasticsearch_Api_Nodes完成截圖
排程 2023/07/07 13:43:25 report name: esinsight_report_part1 開始產出
排程 2023/07/07 13:43:28 report name: esinsight_report_part1 完成產出
排程 2023/07/07 13:43:28 report name: esinsight_report_part2 開始產出
排程  2023/07/07 13:53:29 PDF排程 初始化成功
排程 2023/07/07 13:54:00 schedule name: schedule004
截圖 2023/07/07 13:54:00 element name: Elasticsearch_Api_Stats_Indices開始執行截圖
截圖 2023/07/07 13:54:34 element name: Elasticsearch_Api_Stats_Indices完成截圖
截圖 2023/07/07 13:54:34 element name: Elasticsearch_Api_Pending_Tasks開始執行截圖
截圖 2023/07/07 13:55:07 element name: Elasticsearch_Api_Pending_Tasks完成截圖
截圖 2023/07/07 13:55:07 element name: Elasticsearch_Api_Health開始執行截圖
截圖 2023/07/07 13:55:45 element name: Elasticsearch_Api_Health完成截圖
截圖 2023/07/07 13:55:45 element name: Elasticsearch_Api_Thread_Pool開始執行截圖
截圖 2023/07/07 13:56:23 element name: Elasticsearch_Api_Thread_Pool完成截圖
截圖 2023/07/07 13:56:23 element name: Elasticsearch_Api_Indices開始執行截圖
截圖 2023/07/07 13:56:56 element name: Elasticsearch_Api_Indices完成截圖
截圖 2023/07/07 13:56:56 element name: Elasticsearch_Api_Nodes開始執行截圖
截圖 2023/07/07 13:57:29 element name: Elasticsearch_Api_Nodes完成截圖
排程 2023/07/07 13:57:39 report name: esinsight_report_part1 開始產出
排程 2023/07/07 13:57:42 report name: esinsight_report_part1 完成產出
排程 2023/07/07 13:57:42 report name: esinsight_report_part2 開始產出
排程  2023/07/07 14:01:22 PDF排程 初始化成功
排程 2023/07/07 14:02:00 schedule name: schedule004
截圖 2023/07/07 14:02:00 element name: Elasticsearch_Api_Stats_Indices開始執行截圖
截圖 2023/07/07 14:02:35 element name: Elasticsearch_Api_Stats_Indices完成截圖
截圖 2023/07/07 14:02:35 element name: Elasticsearch_Api_Pending_Tasks開始執行截圖
截圖 2023/07/07 14:03:07 element name: Elasticsearch_Api_Pending_Tasks完成截圖
截圖 2023/07/07 14:03:07 element name: Elasticsearch_Api_Health開始執行截圖
截圖 2023/07/07 14:03:45 element name: Elasticsearch_Api_Health完成截圖
截圖 2023/07/07 14:03:45 element name: Elasticsearch_Api_Thread_Pool開始執行截圖
截圖 2023/07/07 14:04:21 element name: Elasticsearch_Api_Thread_Pool完成截圖
截圖 2023/07/07 14:04:21 element name: Elasticsearch_Api_Indices開始執行截圖
截圖 2023/07/07 14:04:54 element name: Elasticsearch_Api_Indices完成截圖
截圖 2023/07/07 14:04:54 element name: Elasticsearch_Api_Nodes開始執行截圖
截圖 2023/07/07 14:05:27 element name: Elasticsearch_Api_Nodes完成截圖
排程 2023/07/07 14:05:37 report name: esinsight_report_part1 開始產出
排程 2023/07/07 14:10:19 PDF排程 初始化成功
排程 2023/07/07 14:11:00 schedule name: schedule004
截圖 2023/07/07 14:11:00 element name: Elasticsearch_Api_Stats_Indices開始執行截圖
截圖 2023/07/07 14:11:34 element name: Elasticsearch_Api_Stats_Indices完成截圖
截圖 2023/07/07 14:11:34 element name: Elasticsearch_Api_Pending_Tasks開始執行截圖
截圖 2023/07/07 14:12:06 element name: Elasticsearch_Api_Pending_Tasks完成截圖
截圖 2023/07/07 14:12:06 element name: Elasticsearch_Api_Health開始執行截圖
截圖 2023/07/07 14:12:38 element name: Elasticsearch_Api_Health完成截圖
截圖 2023/07/07 14:12:38 element name: Elasticsearch_Api_Thread_Pool開始執行截圖
截圖 2023/07/07 14:13:11 element name: Elasticsearch_Api_Thread_Pool完成截圖
截圖 2023/07/07 14:13:11 element name: Elasticsearch_Api_Indices開始執行截圖
截圖 2023/07/07 14:13:43 element name: Elasticsearch_Api_Indices完成截圖
截圖 2023/07/07 14:13:43 element name: Elasticsearch_Api_Nodes開始執行截圖
截圖 2023/07/07 14:14:15 element name: Elasticsearch_Api_Nodes完成截圖
排程 2023/07/07 14:14:25 report name: esinsight_report_part1 開始產出
排程 2023/07/07 14:14:28 report name: esinsight_report_part1 完成產出
排程 2023/07/07 14:14:28 report name: esinsight_report_part2 開始產出
排程 2023/07/07 14:19:06 PDF排程 初始化成功
排程 2023/07/07 14:19:11 PDF排程 初始化成功
排程 2023/07/07 14:20:00 schedule name: schedule004
截圖 2023/07/07 14:20:00 element name: Elasticsearch_Api_Stats_Indices開始執行截圖
截圖 2023/07/07 14:20:33 element name: Elasticsearch_Api_Stats_Indices完成截圖
截圖 2023/07/07 14:20:33 element name: Elasticsearch_Api_Pending_Tasks開始執行截圖
截圖 2023/07/07 14:21:05 element name: Elasticsearch_Api_Pending_Tasks完成截圖
截圖 2023/07/07 14:21:05 element name: Elasticsearch_Api_Health開始執行截圖
截圖 2023/07/07 14:21:36 element name: Elasticsearch_Api_Health完成截圖
截圖 2023/07/07 14:21:36 element name: Elasticsearch_Api_Thread_Pool開始執行截圖
截圖 2023/07/07 14:22:08 element name: Elasticsearch_Api_Thread_Pool完成截圖
截圖 2023/07/07 14:22:08 element name: Elasticsearch_Api_Indices開始執行截圖
截圖 2023/07/07 14:22:40 element name: Elasticsearch_Api_Indices完成截圖
截圖 2023/07/07 14:22:40 element name: Elasticsearch_Api_Nodes開始執行截圖
截圖 2023/07/07 14:23:13 element name: Elasticsearch_Api_Nodes完成截圖
排程 2023/07/07 14:23:23 report name: esinsight_report_part1 開始產出
排程 2023/07/07 14:23:26 report name: esinsight_report_part1 完成產出
排程 2023/07/07 14:23:26 report name: esinsight_report_part2 開始產出
排程 2023/07/07 14:26:10 PDF排程 初始化成功
排程 2023/07/07 14:27:00 schedule name: schedule004
截圖 2023/07/07 14:27:00 element name: Elasticsearch_Api_Stats_Indices開始執行截圖
截圖 2023/07/07 14:27:35 element name: Elasticsearch_Api_Stats_Indices完成截圖
截圖 2023/07/07 14:27:35 element name: Elasticsearch_Api_Pending_Tasks開始執行截圖
截圖 2023/07/07 14:28:08 element name: Elasticsearch_Api_Pending_Tasks完成截圖
截圖 2023/07/07 14:28:08 element name: Elasticsearch_Api_Health開始執行截圖
截圖 2023/07/07 14:28:40 element name: Elasticsearch_Api_Health完成截圖
截圖 2023/07/07 14:28:40 element name: Elasticsearch_Api_Thread_Pool開始執行截圖
截圖 2023/07/07 14:29:12 element name: Elasticsearch_Api_Thread_Pool完成截圖
截圖 2023/07/07 14:29:12 element name: Elasticsearch_Api_Indices開始執行截圖
截圖 2023/07/07 14:29:44 element name: Elasticsearch_Api_Indices完成截圖
截圖 2023/07/07 14:29:44 element name: Elasticsearch_Api_Nodes開始執行截圖
截圖 2023/07/07 14:30:17 element name: Elasticsearch_Api_Nodes完成截圖
排程 2023/07/07 14:30:27 report name: esinsight_report_part1 開始產出
排程 2023/07/07 14:30:29 report name: esinsight_report_part1 完成產出
排程 2023/07/07 14:30:29 report name: esinsight_report_part2 開始產出
排程 2023/07/07 14:33:06 PDF排程 初始化成功
排程 2023/07/07 14:34:00 schedule name: schedule004
截圖 2023/07/07 14:34:00 element name: Elasticsearch_Api_Stats_Indices開始執行截圖
截圖 2023/07/07 14:34:34 element name: Elasticsearch_Api_Stats_Indices完成截圖
截圖 2023/07/07 14:34:34 element name: Elasticsearch_Api_Pending_Tasks開始執行截圖
截圖 2023/07/07 14:35:06 element name: Elasticsearch_Api_Pending_Tasks完成截圖
截圖 2023/07/07 14:35:06 element name: Elasticsearch_Api_Health開始執行截圖
截圖 2023/07/07 14:35:38 element name: Elasticsearch_Api_Health完成截圖
截圖 2023/07/07 14:35:38 element name: Elasticsearch_Api_Thread_Pool開始執行截圖
截圖 2023/07/07 14:36:10 element name: Elasticsearch_Api_Thread_Pool完成截圖
截圖 2023/07/07 14:36:10 element name: Elasticsearch_Api_Indices開始執行截圖
截圖 2023/07/07 14:36:42 element name: Elasticsearch_Api_Indices完成截圖
截圖 2023/07/07 14:36:42 element name: Elasticsearch_Api_Nodes開始執行截圖
截圖 2023/07/07 14:37:15 element name: Elasticsearch_Api_Nodes完成截圖
排程 2023/07/07 14:37:25 report name: esinsight_report_part1 開始產出
排程 2023/07/07 14:37:27 report name: esinsight_report_part1 完成產出
排程 2023/07/07 14:37:27 report name: esinsight_report_part2 開始產出
