排程 2023/07/11 15:25:36 PDF排程 初始化成功
排程 2023/07/11 15:26:00 schedule name: schedule002
截圖 2023/07/11 15:26:00 element name: Elasticsearch_Api_Stats_Indices開始執行截圖
截圖 2023/07/11 15:26:33 element name: Elasticsearch_Api_Stats_Indices完成截圖
截圖 2023/07/11 15:26:33 element name: Elasticsearch_Api_Nodes開始執行截圖
截圖 2023/07/11 15:27:05 element name: Elasticsearch_Api_Nodes完成截圖
截圖 2023/07/11 15:27:05 element name: Elasticsearch_Api_Main開始執行截圖
截圖 2023/07/11 15:27:37 element name: Elasticsearch_Api_Main完成截圖
排程 2023/07/11 15:27:47 report name: esinsight_report_part2 開始產出
排程 2023/07/11 15:27:50 report name: esinsight_report_part2 完成產出
排程 2023/07/11 15:27:50 report name: esinsight_report_part3 開始產出
排程 2023/07/11 15:32:40 PDF排程 初始化成功
排程 2023/07/11 15:33:00 schedule name: schedule002
截圖 2023/07/11 15:33:00 element name: Elasticsearch_Api_Stats_Indices開始執行截圖
截圖 2023/07/11 15:33:51 element name: Elasticsearch_Api_Stats_Indices完成截圖
截圖 2023/07/11 15:33:51 element name: Elasticsearch_Api_Nodes開始執行截圖
截圖 2023/07/11 15:34:50 element name: Elasticsearch_Api_Nodes完成截圖
截圖 2023/07/11 15:34:50 element name: Elasticsearch_Api_Main開始執行截圖
截圖 2023/07/11 15:35:35 element name: Elasticsearch_Api_Main完成截圖
排程 2023/07/11 15:35:45 report name: esinsight_report_part2 開始產出
排程 2023/07/11 15:35:51 report name: esinsight_report_part2 完成產出
排程 2023/07/11 15:35:51 report name: esinsight_report_part3 開始產出
排程 2023/07/11 15:35:53 report name: esinsight_report_part3 完成產出
排程 2023/07/11 15:40:41 PDF排程 初始化成功
排程 2023/07/11 15:41:00 schedule name: schedule002
截圖 2023/07/11 15:41:00 element name: Elasticsearch_Api_Stats_Indices開始執行截圖
截圖 2023/07/11 15:41:36 element name: Elasticsearch_Api_Stats_Indices完成截圖
截圖 2023/07/11 15:41:36 element name: Elasticsearch_Api_Nodes開始執行截圖
截圖 2023/07/11 15:42:10 element name: Elasticsearch_Api_Nodes完成截圖
截圖 2023/07/11 15:42:10 element name: Elasticsearch_Api_Main開始執行截圖
截圖 2023/07/11 15:42:43 element name: Elasticsearch_Api_Main完成截圖
排程 2023/07/11 15:42:53 report name: esinsight_report_part2 開始產出
排程 2023/07/11 15:42:57 report name: esinsight_report_part2 完成產出
排程 2023/07/11 15:42:57 report name: esinsight_report_part3 開始產出
排程 2023/07/11 15:42:58 report name: esinsight_report_part3 完成產出
排程 2023/07/11 16:08:08 PDF排程 初始化成功
排程 2023/07/11 16:09:04 PDF排程 初始化成功
排程 2023/07/11 16:09:12 PDF排程 初始化成功
排程 2023/07/11 16:10:00 schedule name: schedule002
截圖 2023/07/11 16:10:00 element name: Elasticsearch_Api_Stats_Indices開始執行截圖
截圖 2023/07/11 16:10:33 element name: Elasticsearch_Api_Stats_Indices完成截圖
截圖 2023/07/11 16:10:33 element name: Elasticsearch_Api_Nodes開始執行截圖
截圖 2023/07/11 16:11:11 element name: Elasticsearch_Api_Nodes完成截圖
截圖 2023/07/11 16:11:11 element name: Elasticsearch_Api_Main開始執行截圖
截圖 2023/07/11 16:11:53 element name: Elasticsearch_Api_Main完成截圖
排程 2023/07/11 16:12:03 report name: esinsight_report_part2 開始產出
排程 2023/07/11 16:12:10 report name: esinsight_report_part2 完成產出
排程 2023/07/11 16:12:10 report name: esinsight_report_part3 開始產出
排程 2023/07/11 16:12:12 report name: esinsight_report_part3 完成產出
排程 2023/07/11 16:17:27 PDF排程 初始化成功
排程 2023/07/11 16:18:00 schedule name: schedule002
截圖 2023/07/11 16:18:00 element name: Elasticsearch_Api_Stats_Indices開始執行截圖
截圖 2023/07/11 16:18:48 element name: Elasticsearch_Api_Stats_Indices完成截圖
截圖 2023/07/11 16:18:48 element name: Elasticsearch_Api_Nodes開始執行截圖
截圖 2023/07/11 16:19:32 element name: Elasticsearch_Api_Nodes完成截圖
截圖 2023/07/11 16:19:32 element name: Elasticsearch_Api_Main開始執行截圖
截圖 2023/07/11 16:20:17 element name: Elasticsearch_Api_Main完成截圖
排程 2023/07/11 16:20:27 report name: esinsight_report_part2 開始產出
排程 2023/07/11 16:20:29 report name: esinsight_report_part2 完成產出
排程 2023/07/11 16:20:29 report name: esinsight_report_part3 開始產出
排程 2023/07/11 16:25:17 PDF排程 初始化成功
排程 2023/07/11 16:26:00 schedule name: schedule002
截圖 2023/07/11 16:26:00 element name: Elasticsearch_Api_Stats_Indices開始執行截圖
截圖 2023/07/11 16:26:44 element name: Elasticsearch_Api_Stats_Indices完成截圖
截圖 2023/07/11 16:26:44 element name: Elasticsearch_Api_Nodes開始執行截圖
截圖 2023/07/11 16:27:28 element name: Elasticsearch_Api_Nodes完成截圖
截圖 2023/07/11 16:27:28 element name: Elasticsearch_Api_Main開始執行截圖
截圖 2023/07/11 16:28:10 element name: Elasticsearch_Api_Main完成截圖
排程 2023/07/11 16:28:20 report name: esinsight_report_part2 開始產出
排程 2023/07/11 16:28:23 report name: esinsight_report_part2 完成產出
排程 2023/07/11 16:28:23 report name: esinsight_report_part3 開始產出
