排程 2024/05/23 09:43:12 PDF排程 初始化成功
排程 2024/05/23 09:51:33 重新寄送歷史報表, History ID : 1831
排程 2024/05/23 09:51:33 schedule name: 每日報表
截圖 2024/05/23 09:51:33 element name: ESinsight_Shards開始執行截圖
ERROR 2024/05/23 09:52:33 Dashboard Screenshot error context deadline exceeded
ERROR 2024/05/23 09:52:33 ScreenshotbyReport error context deadline exceeded
截圖 2024/05/23 09:52:36 element name: ESinsight_Shards完成截圖
ERROR 2024/05/23 09:52:36 ScreenshotbyReport errorcontext deadline exceeded
排程 2024/05/23 09:52:46 report name: test_report 開始產出
排程 2024/05/23 09:54:53 重新寄送歷史報表, History ID : 1831
排程 2024/05/23 09:54:53 schedule name: 每日報表
截圖 2024/05/23 09:54:53 element name: ESinsight_Shards開始執行截圖
ERROR 2024/05/23 09:55:53 Dashboard Screenshot error context deadline exceeded
ERROR 2024/05/23 09:55:53 ScreenshotbyReport error context deadline exceeded
截圖 2024/05/23 09:55:56 element name: ESinsight_Shards完成截圖
ERROR 2024/05/23 09:55:56 ScreenshotbyReport errorcontext deadline exceeded
排程 2024/05/23 09:55:56 歷史報表寄送完成, History ID : 1831
排程 2024/05/23 10:22:22 重新寄送歷史報表, History ID : 1831
排程 2024/05/23 10:22:22 schedule name: 每日報表
截圖 2024/05/23 10:22:22 element name: ESinsight_Shards開始執行截圖
ERROR 2024/05/23 10:23:22 Dashboard Screenshot error context deadline exceeded
ERROR 2024/05/23 10:23:22 ScreenshotbyReport error context deadline exceeded
截圖 2024/05/23 10:23:25 element name: ESinsight_Shards完成截圖
ERROR 2024/05/23 10:23:25 ScreenshotbyReport errorcontext deadline exceeded
排程 2024/05/23 10:23:25 歷史報表寄送完成, History ID : 1831
排程 2024/05/23 10:24:39 重新寄送歷史報表, History ID : 1831
排程 2024/05/23 10:24:39 schedule name: 每日報表
截圖 2024/05/23 10:24:39 element name: ESinsight_Shards開始執行截圖
ERROR 2024/05/23 10:25:39 Dashboard Screenshot error context deadline exceeded
ERROR 2024/05/23 10:25:39 ScreenshotbyReport error context deadline exceeded
截圖 2024/05/23 10:25:42 element name: ESinsight_Shards完成截圖
ERROR 2024/05/23 10:25:42 ScreenshotbyReport errorcontext deadline exceeded
排程 2024/05/23 10:25:42 歷史報表寄送完成, History ID : 1831
排程 2024/05/23 10:29:05 重新寄送歷史報表, History ID : 1831
排程 2024/05/23 10:29:05 schedule name: 每日報表
截圖 2024/05/23 10:29:05 element name: ESinsight_Shards開始執行截圖
ERROR 2024/05/23 10:30:05 Dashboard Screenshot error context deadline exceeded
ERROR 2024/05/23 10:30:05 ScreenshotbyReport error context deadline exceeded
截圖 2024/05/23 10:30:08 element name: ESinsight_Shards完成截圖
ERROR 2024/05/23 10:30:08 ScreenshotbyReport errorcontext deadline exceeded
排程 2024/05/23 10:30:08 歷史報表寄送完成, History ID : 1831
