排程 2024/09/25 13:20:10 報表試寄, Schedule ID : 1
排程 2024/09/25 13:20:10 報表試寄完成, Schedule ID : 1
排程 2024/09/25 13:20:10 schedule name: 每日報表
截圖 2024/09/25 13:20:10 element name: ESinsight_Nodes開始執行截圖
ERROR 2024/09/25 13:21:10 Dashboard Screenshot error context deadline exceeded
ERROR 2024/09/25 13:21:10 ScreenshotbyReport error context deadline exceeded
截圖 2024/09/25 13:21:13 element name: ESinsight_Nodes完成截圖
ERROR 2024/09/25 13:21:13 ScreenshotbyReport errorcontext deadline exceeded
排程 2024/09/25 13:27:23 報表試寄, Schedule ID : 1
排程 2024/09/25 13:27:23 報表試寄完成, Schedule ID : 1
排程 2024/09/25 13:27:23 schedule name: 每日報表
截圖 2024/09/25 13:27:23 element name: ESinsight_Nodes開始執行截圖
截圖 2024/09/25 13:28:09 element name: ESinsight_Nodes完成截圖
排程 2024/09/25 13:28:19 report name: test_report 開始產出
排程 2024/09/25 13:28:20 report name: test_report 完成產出
排程 2024/09/25 13:28:26 信件送出成功
排程 2024/09/25 13:46:58 report name: TestReport 完成產出
排程 2024/09/25 13:47:25 report name: TestReport 完成產出
排程 2024/09/25 14:11:28 報表試寄, Schedule ID : 1
排程 2024/09/25 14:11:28 報表試寄完成, Schedule ID : 1
排程 2024/09/25 14:11:28 schedule name: 每日報表
截圖 2024/09/25 14:11:28 element name: ESinsight_Nodes開始執行截圖
截圖 2024/09/25 14:12:18 element name: ESinsight_Nodes完成截圖
排程 2024/09/25 14:12:29 report name: test_report 開始產出
排程 2024/09/25 14:12:30 report name: test_report 完成產出
排程 2024/09/25 14:12:36 信件送出成功
排程 2024/09/25 14:31:39 報表試寄, Schedule ID : 1
排程 2024/09/25 14:31:39 報表試寄完成, Schedule ID : 1
排程 2024/09/25 14:31:39 schedule name: 每日報表
截圖 2024/09/25 14:31:39 element name: ESinsight_Nodes開始執行截圖
截圖 2024/09/25 14:32:25 element name: ESinsight_Nodes完成截圖
排程 2024/09/25 14:32:35 report name: test_report 開始產出
排程 2024/09/25 14:32:36 report name: test_report 完成產出
排程 2024/09/25 14:32:43 信件送出成功
排程 2024/09/25 14:34:05 報表試寄, Schedule ID : 1
排程 2024/09/25 14:34:05 報表試寄完成, Schedule ID : 1
排程 2024/09/25 14:34:05 schedule name: 每日報表
截圖 2024/09/25 14:34:05 element name: ESinsight_Nodes開始執行截圖
截圖 2024/09/25 14:34:51 element name: ESinsight_Nodes完成截圖
排程 2024/09/25 14:35:01 report name: test_report 開始產出
排程 2024/09/25 14:35:02 report name: test_report 完成產出
排程 2024/09/25 14:35:09 信件送出成功
排程 2024/09/25 14:58:41 報表試寄, Schedule ID : 1
排程 2024/09/25 14:58:41 報表試寄完成, Schedule ID : 1
排程 2024/09/25 14:58:41 schedule name: 每日報表
截圖 2024/09/25 14:58:41 element name: ESinsight_Nodes開始執行截圖
截圖 2024/09/25 14:59:26 element name: ESinsight_Nodes完成截圖
排程 2024/09/25 14:59:36 report name: test_report 開始產出
排程 2024/09/25 14:59:37 report name: test_report 完成產出
排程 2024/09/25 14:59:43 信件送出成功
排程 2024/09/25 15:07:39 報表試寄, Schedule ID : 1
排程 2024/09/25 15:07:39 報表試寄完成, Schedule ID : 1
排程 2024/09/25 15:07:39 schedule name: 每日報表
截圖 2024/09/25 15:07:39 element name: ESinsight_Nodes開始執行截圖
截圖 2024/09/25 15:08:24 element name: ESinsight_Nodes完成截圖
排程 2024/09/25 15:08:34 report name: test_report 開始產出
排程 2024/09/25 15:08:36 report name: test_report 完成產出
排程 2024/09/25 15:08:42 信件送出成功
排程 2024/09/25 15:14:35 報表試寄, Schedule ID : 1
排程 2024/09/25 15:14:35 報表試寄完成, Schedule ID : 1
排程 2024/09/25 15:14:35 schedule name: 每日報表
截圖 2024/09/25 15:14:35 element name: ESinsight_Nodes開始執行截圖
截圖 2024/09/25 15:15:22 element name: ESinsight_Nodes完成截圖
排程 2024/09/25 15:15:32 report name: test_report 開始產出
排程 2024/09/25 15:15:34 report name: test_report 完成產出
排程 2024/09/25 15:15:41 信件送出成功
排程 2024/09/25 15:35:09 報表試寄, Schedule ID : 1
排程 2024/09/25 15:35:09 報表試寄完成, Schedule ID : 1
排程 2024/09/25 15:35:09 schedule name: 每日報表
截圖 2024/09/25 15:35:09 element name: ESinsight_Nodes開始執行截圖
截圖 2024/09/25 15:35:54 element name: ESinsight_Nodes完成截圖
排程 2024/09/25 15:36:04 report name: test_report 開始產出
排程 2024/09/25 15:36:06 report name: test_report 完成產出
排程 2024/09/25 15:36:13 信件送出成功
排程 2024/09/25 15:40:47 報表試寄, Schedule ID : 1
排程 2024/09/25 15:40:47 報表試寄完成, Schedule ID : 1
排程 2024/09/25 15:40:47 schedule name: 每日報表
截圖 2024/09/25 15:40:47 element name: ESinsight_Nodes開始執行截圖
截圖 2024/09/25 15:41:34 element name: ESinsight_Nodes完成截圖
排程 2024/09/25 15:41:44 report name: test_report 開始產出
排程 2024/09/25 15:41:46 report name: test_report 完成產出
排程 2024/09/25 15:41:52 信件送出成功
排程 2024/09/25 15:45:49 報表試寄, Schedule ID : 1
排程 2024/09/25 15:45:49 報表試寄完成, Schedule ID : 1
排程 2024/09/25 15:45:49 schedule name: 每日報表
截圖 2024/09/25 15:45:49 element name: ESinsight_Nodes開始執行截圖
截圖 2024/09/25 15:46:36 element name: ESinsight_Nodes完成截圖
排程 2024/09/25 15:46:46 report name: test_report 開始產出
排程 2024/09/25 15:46:48 report name: test_report 完成產出
排程 2024/09/25 15:46:54 信件送出成功
排程 2024/09/25 15:50:05 報表試寄, Schedule ID : 1
排程 2024/09/25 15:50:05 報表試寄完成, Schedule ID : 1
排程 2024/09/25 15:50:05 schedule name: 每日報表
截圖 2024/09/25 15:50:05 element name: ESinsight_Nodes開始執行截圖
截圖 2024/09/25 15:50:50 element name: ESinsight_Nodes完成截圖
排程 2024/09/25 15:51:01 report name: test_report 開始產出
排程 2024/09/25 15:51:02 report name: test_report 完成產出
排程 2024/09/25 15:51:08 信件送出成功
排程 2024/09/25 15:54:43 報表試寄, Schedule ID : 1
排程 2024/09/25 15:54:43 報表試寄完成, Schedule ID : 1
排程 2024/09/25 15:54:43 schedule name: 每日報表
截圖 2024/09/25 15:54:43 element name: ESinsight_Nodes開始執行截圖
截圖 2024/09/25 15:55:32 element name: ESinsight_Nodes完成截圖
排程 2024/09/25 15:55:42 report name: test_report 開始產出
排程 2024/09/25 15:55:43 report name: test_report 完成產出
排程 2024/09/25 15:55:49 信件送出成功
排程 2024/09/25 15:59:52 報表試寄, Schedule ID : 1
排程 2024/09/25 15:59:52 報表試寄完成, Schedule ID : 1
排程 2024/09/25 15:59:52 schedule name: 每日報表
截圖 2024/09/25 15:59:52 element name: ESinsight_Nodes開始執行截圖
截圖 2024/09/25 16:00:40 element name: ESinsight_Nodes完成截圖
排程 2024/09/25 16:00:50 report name: test_report 開始產出
排程 2024/09/25 16:00:51 report name: test_report 完成產出
排程 2024/09/25 16:00:57 信件送出成功
排程 2024/09/25 16:06:51 report name: TestReport 完成產出
排程 2024/09/25 16:08:45 report name: TestReport 完成產出
排程 2024/09/25 16:12:29 report name: TestReport 完成產出
排程 2024/09/25 16:17:08 report name: TestReport 完成產出
排程 2024/09/25 16:17:49 report name: TestReport 完成產出
排程 2024/09/25 16:18:17 report name: TestReport 完成產出
排程 2024/09/25 16:18:59 report name: TestReport 完成產出
排程 2024/09/25 16:19:36 report name: TestReport 完成產出
排程 2024/09/25 16:22:16 report name: TestReport 完成產出
排程 2024/09/25 16:24:41 report name: TestReport 完成產出
排程 2024/09/25 16:25:51 report name: TestReport 完成產出
排程 2024/09/25 16:27:05 report name: TestReport 完成產出
排程 2024/09/25 17:30:55 report name: TestReport 完成產出
排程 2024/09/25 17:34:11 report name: TestReport 完成產出
排程 2024/09/25 17:35:29 report name: TestReport 完成產出
排程 2024/09/25 17:36:20 report name: TestReport 完成產出
排程 2024/09/25 17:37:17 report name: TestReport 完成產出
排程 2024/09/25 17:38:30 report name: TestReport 完成產出
排程 2024/09/25 17:41:43 report name: TestReport 完成產出
排程 2024/09/25 17:42:12 report name: TestReport 完成產出
排程 2024/09/25 17:42:50 report name: TestReport 完成產出
排程 2024/09/25 17:43:38 report name: TestReport 完成產出
排程 2024/09/25 17:44:22 report name: TestReport 完成產出
排程 2024/09/25 17:45:08 report name: TestReport 完成產出
排程 2024/09/25 17:48:43 report name: TestReport 完成產出
排程 2024/09/25 17:49:38 report name: TestReport 完成產出
排程 2024/09/25 17:49:59 report name: TestReport 完成產出
排程 2024/09/25 17:50:26 report name: TestReport 完成產出
排程 2024/09/25 17:51:03 report name: TestReport 完成產出
排程 2024/09/25 17:51:45 report name: TestReport 完成產出
排程 2024/09/25 17:52:26 report name: TestReport 完成產出
排程 2024/09/25 17:54:10 report name: TestReport 完成產出
排程 2024/09/25 17:54:50 report name: TestReport 完成產出
