2022/09/28 14:04:04 Method="PUT" URL="/api/v1/Group/Update/" msg="ID is not existed"
2022/09/28 14:05:12 Method="PUT" URL="/api/v1/Group/Update/" msg="Name is already existed"
2022/09/28 14:08:07 Method="POST" URL="/api/v1/Group/Create" msg="ID is not existed"
2022/09/28 14:08:10 Method="POST" URL="/api/v1/Group/Create" msg="ID is not existed"
2022/09/28 14:08:31 Method="POST" URL="/api/v1/Group/Create" msg="ID is not existed"
2022/09/28 14:30:18 Method="POST" URL="/api/v1/Group/Create" msg="ID is not existed"
2022/09/28 15:57:24 Method="PUT" URL="/api/v1/Group/Update/" msg="Name is already existed"
2022/09/28 16:23:37 Method="PUT" URL="/api/v1/Group/Update/" msg="Name is already existed"
2022/09/28 16:27:56 Method="PUT" URL="/api/v1/GroupMember/Update" msg="ID is not existed"
2022/09/28 16:34:01 Method="PUT" URL="/api/v1/Group/Update/" msg="Name is already existed"
2022/09/28 16:36:37 Method="PUT" URL="/api/v1/GroupMember/Update" msg="Name is already existed"
2022/09/28 16:36:55 Method="PUT" URL="/api/v1/GroupMember/Update" msg="Name is already existed"
2022/09/28 16:40:42 Method="PUT" URL="/api/v1/GroupMember/Update" msg="Name is already existed"
2022/09/28 16:44:48 Method="DELETE" URL="/api/v1/Group/DeleteMemberbyName/gglaaaaaaa" msg="memberName gglaaaaaaa does not exist"
2022/09/28 16:47:02 Method="PUT" URL="/api/v1/GroupMember/Update" msg="Name is already existed"
2022/09/28 16:58:02 Method="PUT" URL="/api/v1/GroupMember/Update" msg="Instance id does not exist"
2022/09/28 16:59:15 Method="PUT" URL="/api/v1/GroupMember/Update" msg="Instance id does not exist"
2022/09/28 16:59:58 Method="PUT" URL="/api/v1/GroupMember/Update" msg="Instance id does not exist"
2022/09/28 17:00:17 Method="PUT" URL="/api/v1/GroupMember/Update" msg="Instance id does not exist"
2022/09/28 17:00:42 Method="PUT" URL="/api/v1/GroupMember/Update" msg="Instance id does not exist"
2022/09/28 17:01:01 Method="PUT" URL="/api/v1/GroupMember/Update" msg="Member id does not exist"
2022/09/28 17:01:41 Method="PUT" URL="/api/v1/GroupMember/Update" msg="Member id does not exist"
2022/09/28 17:01:50 Method="PUT" URL="/api/v1/GroupMember/Update" msg="Member id does not exist"
2022/09/28 17:33:52 Method="PUT" URL="/api/v1/Group/Update/" msg="Group id does not exist"
